// Jest Snapshot v1, https://goo.gl/fbAQLP

exports[`Background snapshot tests should match snapshot 1`] = `
<div
  className="background"
>
  <RestaurantBlob />
  <ProfileBlob />
  <TasksBlob />
  <ExtensionsBlob />
  <ChatBlob />
</div>
`;
