// Jest Snapshot v1, https://goo.gl/fbAQLP

exports[`Technology snapshot tests should match snapshot 1`] = `
<div
  className="technology"
>
  <Circle
    viewBoxUnit="129"
  />
  <Rect />
</div>
`;
