// Jest Snapshot v1, https://goo.gl/fbAQLP

exports[`DotsLine snapshot tests should match snapshot 1`] = `
<div
  className="dots"
>
  <Circle />
  <Circle />
  <Circle />
  <Circle />
  <Circle />
</div>
`;
