// Jest Snapshot v1, https://goo.gl/fbAQLP

exports[`AnimationWrapper snapshot tests should match snapshot 1`] = `
<div
  className="chat-animation-wrapper"
  data-testid="animation-wrapper"
  onMouseEnter={[Function]}
  onMouseLeave={[Function]}
  onTouchEnd={[Function]}
  onTouchStart={[Function]}
>
  <div
    className="translate-wrapper"
  >
    <ChatAnimation
      className="chat-animation "
    />
  </div>
</div>
`;
