// Jest Snapshot v1, https://goo.gl/fbAQLP

exports[`Background snapshot tests should match snapshot 1`] = `ShallowWrapper {}`;
