// Jest Snapshot v1, https://goo.gl/fbAQLP

exports[`PorfileImage snapshot tests should match snapshot 1`] = `
<div
  className="image-container"
>
  <img
    alt="profile"
    src="profile-image.png"
  />
</div>
`;
