// Jest Snapshot v1, https://goo.gl/fbAQLP

exports[`List snapshot tests should match snapshot 1`] = `
<div
  className="list test-class"
>
  <Ribon
    name="test-name"
  >
    <ListSvg />
  </Ribon>
  <Ribon />
</div>
`;
