// Jest Snapshot v1, https://goo.gl/fbAQLP

exports[`CourceYear snapshot tests should match snapshot 1`] = `<div />`;
