// Jest Snapshot v1, https://goo.gl/fbAQLP

exports[`RightPanel snapshot tests should match snapshot 1`] = `
<section
  className="right-panel"
>
  <DotsLine />
  <Languages />
  <Technologies />
  <Cources />
</section>
`;
