// Jest Snapshot v1, https://goo.gl/fbAQLP

exports[`ProfileAnimation snapshot tests should match snapshot 1`] = `
<svg
  viewBox="0 0 274.42 138.03"
  xmlns="http://www.w3.org/2000/svg"
>
  <defs>
    <ProjectsShadow
      id="profile-shadow"
    />
  </defs>
  <circle
    className="fill-primary shadow"
    cx="37.86"
    cy="137.86"
    r="35.86"
  />
  <circle
    className="fill-primary shadow"
    cx="190.09"
    cy="31.21"
    r="46.83"
  />
  <rect
    className="fill-primary shadow"
    height="102.36"
    rx="6.63"
    width="134.6"
    x="49.46"
    y="35.17"
  />
  <circle
    cx="74.85"
    cy="65.06"
    r="17.86"
  />
  <circle
    cx="147.1"
    cy="112.16"
    r="4.27"
  />
  <rect
    height="3.24"
    rx="2"
    width="36"
    x="57.26"
    y="92.88"
  />
  <rect
    height="3.24"
    rx="2"
    width="36"
    x="57.26"
    y="103.69"
  />
  <rect
    height="3.24"
    rx="2"
    width="36"
    x="57.26"
    y="114.26"
  />
  <rect
    height="13"
    rx="3"
    width="13"
    x="143.1"
    y="45.38"
  />
  <rect
    height="13"
    rx="3"
    width="13"
    x="160.76"
    y="45.79"
  />
  <circle
    cx="128.47"
    cy="112.25"
    r="4.27"
  />
  <circle
    cx="165.1"
    cy="112.16"
    r="4.27"
  />
</svg>
`;
